<html>
<body>
<pre>
<h1>µVision Build Log</h1>
<h2>Tool Versions:</h2>
IDE-Version: ¦ÌVision V5.14.0.0
Copyright (C) 2015 ARM Ltd and ARM Germany GmbH. All rights reserved.
License Information: d dengjian, hust, LIC=GMZ2Z-JVWQV-2XXU1-CA44Q-E0BQ9-P8NGE
 
Tool Versions:
Toolchain:       MDK-ARM Standard  Version: 5.14.0.0
Middleware:      RL-ARM Real-Time Library Version V4.00
Toolchain Path:  D:\Keil_v5\ARM\ARMCC\Bin
C Compiler:      Armcc.exe V5.05 update 1 (build 106)
Assembler:       Armasm.exe V5.05 update 1 (build 106)
Linker/Locator:  ArmLink.exe V5.05 update 1 (build 106)
Library Manager: ArmAr.exe V5.05 update 1 (build 106)
Hex Converter:   FromElf.exe V5.05 update 1 (build 106)
CPU DLL:         SARMCM3.DLL V5.14.0.0
Dialog DLL:      DCM.DLL V1.13.1.0
Target DLL:      Segger\JL2CM3.dll V2.99.13.0
Dialog DLL:      TCM.DLL V1.14.4.0
 
<h2>Project:</h2>
F:\RobotMaster\Embedded_software\Project\stm32f103_GIT\Project\Baseboard V1.0.uvprojx
Project File Date:  11/24/2017

<h2>Output:</h2>
*** Note: Rebuilding project, since 'Options->Output->Create Batch File' is selected.
Rebuild target 'Target 1'
compiling misc.c...
compiling stm32f10x_gpio.c...
compiling stm32f10x_rcc.c...
compiling stm32f10x_tim.c...
compiling stm32f10x_usart.c...
compiling core_cm3.c...
compiling system_stm32f10x.c...
assembling startup_stm32f10x_md.s...
compiling main.c...
..\USER\main.c(13): warning:  #177-D: variable "flag" was declared but never referenced
        u16 flag=0;
..\USER\main.c: 1 warning, 0 errors
compiling motor.c...
compiling pid.c...
compiling ecode.c...
compiling timer.c...
..\SYSTEM\timer\timer.c(166): warning:  #68-D: integer conversion resulted in a change of sign
                if(ECODE_CNTx<-20000)//ÏòÉÏÒç³ö
..\SYSTEM\timer\timer.c: 1 warning, 0 errors
linking...
Program Size: Code=4072 RO-data=268 RW-data=24 ZI-data=1056  
FromELF: creating hex file...
"..\Output\Baseboard V1.0" - 0 Error(s), 2 Warning(s).

<h2>Software Packages used:</h2>

Package Vendor: ARM
                http://www.keil.com/pack/ARM.CMSIS.4.2.0.pack
                ARM::CMSIS:CORE:3.40.0
                CMSIS (Cortex Microcontroller Software Interface Standard)
   * Component: CORE Version: 3.40.0

<h2>Collection of Component include folders:</h2>
  F:\RobotMaster\Embedded_software\Project\stm32f103_GIT\Project\RTE
  D:\Keil_v5\ARM\PACK\ARM\CMSIS\4.2.0\CMSIS\Include
  D:\Keil_v5\ARM\PACK\Keil\STM32F1xx_DFP\1.1.0\Device\Include

<h2>Collection of Component Files used:</h2>

   * Component: ARM::CMSIS:CORE:3.40.0
      Source file:   CMSIS\UserCodeTemplates\ARM\ITM_Retarget.c
</pre>
</body>
</html>
